\BOOKMARK [1][-]{section.1}{\376\377\137\025\212\000}{}% 1
\BOOKMARK [1][-]{section.2}{\376\377\201\352\126\336\137\122\211\343\170\001\166\204\164\366\230\210\116\016\142\225\147\072\211\343\170\001\166\204\122\250\147\072}{}% 2
\BOOKMARK [2][-]{subsection.2.1}{\376\377\116\072\116\300\116\110\201\352\126\336\137\122\211\343\170\001\141\142}{section.2}% 3
\BOOKMARK [2][-]{subsection.2.2}{\376\377\226\115\117\116\142\020\147\054\166\204\116\044\171\315\140\035\215\357}{section.2}% 4
\BOOKMARK [1][-]{section.3}{\376\377\142\225\147\072\211\343\170\001\123\237\164\006}{}% 5
\BOOKMARK [2][-]{subsection.3.1}{\376\377\150\070\137\303\140\035\140\363}{section.3}% 6
\BOOKMARK [2][-]{subsection.3.2}{\376\377\203\111\172\077\226\066\153\265\377\032\220\020\116\052\201\352\126\336\137\122\165\037\142\020}{section.3}% 7
\BOOKMARK [2][-]{subsection.3.3}{\376\377\232\214\213\301\226\066\153\265\377\032\116\000\153\041\142\171\221\317\122\115\124\021}{section.3}% 8
\BOOKMARK [2][-]{subsection.3.4}{\376\377\143\245\123\327\122\044\143\156}{section.3}% 9
\BOOKMARK [3][-]{subsubsection.3.4.1}{\376\377\116\045\150\074\000\040\000a\000r\000g\000m\000a\000x\000\040\143\245\123\327}{subsection.3.4}% 10
\BOOKMARK [3][-]{subsubsection.3.4.2}{\376\377\151\202\163\207\143\245\123\327\377\010\000L\000e\000v\000i\000a\000t\000h\000a\000n\377\011}{subsection.3.4}% 11
\BOOKMARK [3][-]{subsubsection.3.4.3}{\376\377\203\111\172\077\137\305\230\173\221\307\150\067\200\014\227\136\215\052\137\303}{subsection.3.4}% 12
\BOOKMARK [2][-]{subsection.3.5}{\376\377\153\213\135\356\117\356\153\143\116\016\217\223\121\372\122\006\136\003\133\210\140\122\133\232\164\006}{section.3}% 13
\BOOKMARK [2][-]{subsection.3.6}{\376\377\217\336\176\355\122\115\177\000\176\246\147\137}{section.3}% 14
\BOOKMARK [2][-]{subsection.3.7}{\376\377\122\240\220\037\153\324\166\204\164\006\213\272\152\041\127\213}{section.3}% 15
\BOOKMARK [1][-]{section.4}{\376\377\142\225\147\072\211\343\170\001\166\204\123\321\134\125\123\206\172\013}{}% 16
\BOOKMARK [2][-]{subsection.4.1}{\376\377\145\351\147\037\136\166\210\114\211\343\170\001\134\035\213\325\377\010\0002\0000\0001\0008\040\023\0002\0000\0002\0001\377\011}{section.4}% 17
\BOOKMARK [2][-]{subsection.4.2}{\376\377\142\225\147\072\211\343\170\001\166\204\162\354\172\313\143\320\121\372\377\010\0002\0000\0002\0002\040\023\0002\0000\0002\0003\377\011}{section.4}% 18
\BOOKMARK [2][-]{subsection.4.3}{\376\377\135\345\172\013\123\026\204\075\127\060\377\010\0002\0000\0002\0003\040\023\0002\0000\0002\0004\377\011}{section.4}% 19
\BOOKMARK [2][-]{subsection.4.4}{\376\377\124\016\176\355\157\024\217\333\377\010\0002\0000\0002\0004\000\040\201\363\116\312\377\011}{section.4}% 20
\BOOKMARK [2][-]{subsection.4.5}{\376\377\116\016\147\054\170\024\172\166\166\204\121\163\174\373}{section.4}% 21
\BOOKMARK [1][-]{section.5}{\376\377\174\373\176\337\147\266\147\204\213\276\213\241}{}% 22
\BOOKMARK [2][-]{subsection.5.1}{\376\377\122\006\134\102\176\323\147\204}{section.5}% 23
\BOOKMARK [2][-]{subsection.5.2}{\376\377\000D\000r\000a\000f\000t\000E\000n\000g\000i\000n\000e\000\040\142\275\214\141}{section.5}% 24
\BOOKMARK [2][-]{subsection.5.3}{\376\377\142\171\221\317\232\214\213\301\123\237\213\355\000\040\000f\000o\000r\000w\000a\000r\000d\000\137\000b\000a\000t\000c\000h\000e\000d\000\040\116\016\000\040\000r\000u\000n\000\137\000l\000a\000y\000e\000r\000s}{section.5}% 25
\BOOKMARK [2][-]{subsection.5.4}{\376\377\000K\000V\000\040\000c\000a\000c\000h\000e\000\040\116\000\201\364\140\047}{section.5}% 26
\BOOKMARK [2][-]{subsection.5.5}{\376\377\176\323\147\204\123\026\217\223\121\372\377\010\000G\000r\000a\000m\000m\000a\000r\377\011\226\306\142\020}{section.5}% 27
\BOOKMARK [2][-]{subsection.5.6}{\376\377\221\307\150\067\123\302\145\160\123\026}{section.5}% 28
\BOOKMARK [1][-]{section.6}{\376\377\146\076\133\130\173\241\164\006}{}% 29
\BOOKMARK [1][-]{section.7}{\376\377\133\236\232\214\116\016\176\323\147\234}{}% 30
\BOOKMARK [2][-]{subsection.7.1}{\376\377\201\352\142\225\147\072\153\143\170\156\140\047\377\010\000M\000\040\000=\000\040\0002\0004\377\011}{section.7}% 31
\BOOKMARK [2][-]{subsection.7.2}{\376\377\0000\000.\0005\000B\000\040\122\060\000\040\0001\000.\0005\000B\000\040\123\314\152\041\127\213\377\032\143\245\123\327\122\044\143\156\166\204\137\161\124\315}{section.7}% 32
\BOOKMARK [2][-]{subsection.7.3}{\376\377\155\113\213\325\167\351\226\065}{section.7}% 33
\BOOKMARK [1][-]{section.8}{\376\377\121\163\225\056\123\321\163\260\116\016\213\276\213\241\121\263\173\126}{}% 34
\BOOKMARK [2][-]{subsection.8.1}{\376\377\000G\000E\000M\000M\000\040\142\171\221\317\134\072\133\370\145\117\141\037}{section.8}% 35
\BOOKMARK [2][-]{subsection.8.2}{\376\377\000l\000a\000y\000e\000r\000-\000s\000l\000i\000c\000e\000\040\201\352\142\225\147\072\127\050\155\361\134\102\134\017\152\041\127\213\116\012\166\204\134\100\226\120}{section.8}% 36
\BOOKMARK [2][-]{subsection.8.3}{\376\377\203\111\172\077\221\307\150\067\146\057\143\245\123\327\163\207\166\204\122\006\154\064\134\255}{section.8}% 37
\BOOKMARK [2][-]{subsection.8.4}{\376\377\000v\000e\000r\000i\000f\000y\000-\000a\000s\000-\000d\000e\000c\000o\000d\000e\377\032\155\210\226\144\123\314\213\241\173\227\377\010\135\362\133\236\163\260\377\011}{section.8}% 38
\BOOKMARK [1][-]{section.9}{\376\377\135\362\167\345\226\120\122\066\116\016\147\052\147\145\135\345\117\134}{}% 39
\BOOKMARK [1][-]{section.10}{\376\377\176\323\213\272}{}% 40
\BOOKMARK [1][-]{appendix.A}{\376\377\221\115\177\156\230\171}{}% 41
\BOOKMARK [1][-]{appendix.B}{\376\377\155\113\213\325\156\005\123\125}{}% 42
