\BOOKMARK [1][-]{section.1}{\376\377\230\171\166\356\140\073\211\310\377\032\133\203\146\057\116\300\116\110}{}% 1
\BOOKMARK [2][-]{subsection.1.1}{\376\377\116\000\123\345\213\335\133\232\117\115}{section.1}% 2
\BOOKMARK [2][-]{subsection.1.2}{\376\377\133\236\163\260\166\204\122\237\200\375\156\005\123\125}{section.1}% 3
\BOOKMARK [2][-]{subsection.1.3}{\376\377\133\236\155\113\140\047\200\375\151\202\211\310}{section.1}% 4
\BOOKMARK [2][-]{subsection.1.4}{\376\377\116\016\116\073\155\101\137\025\144\316\166\204\121\163\174\373}{section.1}% 5
\BOOKMARK [1][-]{section.2}{\376\377\230\171\166\356\140\073\117\123\140\035\176\364\133\374\126\376}{}% 6
\BOOKMARK [1][-]{section.3}{\376\377\174\373\176\337\147\266\147\204}{}% 7
\BOOKMARK [2][-]{subsection.3.1}{\376\377\122\006\134\102\176\323\147\204}{section.3}% 8
\BOOKMARK [2][-]{subsection.3.2}{\376\377\116\000\153\041\213\367\154\102\166\204\133\214\145\164\165\037\124\175\124\150\147\037}{section.3}% 9
\BOOKMARK [2][-]{subsection.3.3}{\376\377\121\163\225\056\213\276\213\241\121\263\173\126}{section.3}% 10
\BOOKMARK [1][-]{section.4}{\376\377\000T\000e\000n\000s\000o\000r\000\040\142\275\214\141\116\016\121\205\133\130\173\241\164\006}{}% 11
\BOOKMARK [2][-]{subsection.4.1}{\376\377\213\276\213\241}{section.4}% 12
\BOOKMARK [2][-]{subsection.4.2}{\376\377\140\254\127\202\143\007\224\210\000\040\000B\000u\000g\377\032\000v\000i\000e\000w\000\040\201\352\215\113\120\074\166\204\145\131\213\255}{section.4}% 13
\BOOKMARK [2][-]{subsection.4.3}{\376\377\155\361\136\246\140\035\200\003}{section.4}% 14
\BOOKMARK [1][-]{section.5}{\376\377\000G\000E\000M\000M\377\032\116\224\176\247\124\016\172\357\166\204\156\020\217\333\117\030\123\026}{}% 15
\BOOKMARK [2][-]{subsection.5.1}{\376\377\124\004\121\205\150\070\123\237\164\006}{section.5}% 16
\BOOKMARK [2][-]{subsection.5.2}{\376\377\155\361\136\246\140\035\200\003}{section.5}% 17
\BOOKMARK [1][-]{section.6}{\376\377\000P\000a\000g\000e\000d\000A\000t\000t\000e\000n\000t\000i\000o\000n\377\032\122\006\230\165\000\040\000K\000V\000\040\177\023\133\130\116\016\211\343\170\001\121\205\150\070}{}% 18
\BOOKMARK [2][-]{subsection.6.1}{\376\377\122\250\147\072\377\032\000K\000V\000\040\177\023\133\130\166\204\170\216\162\107\123\026\225\356\230\230}{section.6}% 19
\BOOKMARK [2][-]{subsection.6.2}{\376\377\000D\000e\000c\000o\000d\000e\000\040\121\205\150\070\176\323\147\204}{section.6}% 20
\BOOKMARK [2][-]{subsection.6.3}{\376\377\116\011\230\171\117\030\123\026}{section.6}% 21
\BOOKMARK [2][-]{subsection.6.4}{\376\377\155\361\136\246\140\035\200\003}{section.6}% 22
\BOOKMARK [1][-]{section.7}{\376\377\000P\000a\000g\000e\000d\000\040\000P\000r\000e\000f\000i\000l\000l\000\040\000A\000t\000t\000e\000n\000t\000i\000o\000n\377\032\122\006\230\165\116\012\166\204\225\177\000\040\000p\000r\000o\000m\000p\000t\000\040\131\004\164\006}{}% 23
\BOOKMARK [2][-]{subsection.7.1}{\376\377\225\356\230\230}{section.7}% 24
\BOOKMARK [2][-]{subsection.7.2}{\376\377\142\171\221\317\231\226\217\156\000\040\000p\000r\000e\000f\000i\000l\000l}{section.7}% 25
\BOOKMARK [2][-]{subsection.7.3}{\376\377\155\361\136\246\140\035\200\003}{section.7}% 26
\BOOKMARK [1][-]{section.8}{\376\377\122\115\177\000\177\023\133\130\377\032\000H\000a\000s\000h\000\040\116\016\000\040\000R\000a\000d\000i\000x\000\040\000T\000r\000e\000e}{}% 27
\BOOKMARK [2][-]{subsection.8.1}{\376\377\122\250\147\072}{section.8}% 28
\BOOKMARK [2][-]{subsection.8.2}{\376\377\000H\000a\000s\000h\000\040\152\041\137\017\377\010\000v\000L\000L\000M\000\040\230\316\150\074\377\011}{section.8}% 29
\BOOKMARK [2][-]{subsection.8.3}{\376\377\000R\000a\000d\000i\000x\000\040\152\041\137\017\377\010\000S\000G\000L\000a\000n\000g\000\040\230\316\150\074\377\011}{section.8}% 30
\BOOKMARK [2][-]{subsection.8.4}{\376\377\155\361\136\246\140\035\200\003}{section.8}% 31
\BOOKMARK [1][-]{section.9}{\376\377\000C\000o\000n\000t\000i\000n\000u\000o\000u\000s\000\040\000B\000a\000t\000c\000h\000i\000n\000g\000\040\116\016\214\003\136\246\126\150}{}% 32
\BOOKMARK [2][-]{subsection.9.1}{\376\377\225\356\230\230}{section.9}% 33
\BOOKMARK [2][-]{subsection.9.2}{\376\377\116\011\171\315\214\003\136\246\173\126\165\145}{section.9}% 34
\BOOKMARK [2][-]{subsection.9.3}{\376\377\155\361\136\246\140\035\200\003}{section.9}% 35
\BOOKMARK [1][-]{section.10}{\376\377\000E\000n\000g\000i\000n\000e\000S\000e\000r\000v\000e\000r\377\032\137\002\147\204\142\171\153\041\142\147\210\114\137\025\144\316}{}% 36
\BOOKMARK [2][-]{subsection.10.1}{\376\377\000s\000t\000e\000p\000\050\000\051\000\040\166\204\133\214\145\164\155\101\172\013}{section.10}% 37
\BOOKMARK [2][-]{subsection.10.2}{\376\377\137\002\147\204\142\171\153\041\166\204\145\160\120\074\116\000\201\364\140\047\176\252\137\213}{section.10}% 38
\BOOKMARK [2][-]{subsection.10.3}{\376\377\155\361\136\246\140\035\200\003}{section.10}% 39
\BOOKMARK [1][-]{section.11}{\376\377\221\307\150\067\174\373\176\337}{}% 40
\BOOKMARK [2][-]{subsection.11.1}{\376\377\155\101\154\064\176\277}{section.11}% 41
\BOOKMARK [2][-]{subsection.11.2}{\376\377\155\361\136\246\140\035\200\003}{section.11}% 42
\BOOKMARK [1][-]{section.12}{\376\377\000f\000p\0001\0006\000\040\155\367\124\010\174\276\136\246}{}% 43
\BOOKMARK [2][-]{subsection.12.1}{\376\377\173\126\165\145}{section.12}% 44
\BOOKMARK [2][-]{subsection.12.2}{\376\377\155\361\136\246\140\035\200\003}{section.12}% 45
\BOOKMARK [1][-]{section.13}{\376\377\142\225\147\072\211\343\170\001\377\010\000S\000p\000e\000c\000u\000l\000a\000t\000i\000v\000e\000\040\000D\000e\000c\000o\000d\000i\000n\000g\377\011}{}% 46
\BOOKMARK [2][-]{subsection.13.1}{\376\377\123\237\164\006}{section.13}% 47
\BOOKMARK [2][-]{subsection.13.2}{\376\377\230\171\166\356\133\236\163\260}{section.13}% 48
\BOOKMARK [2][-]{subsection.13.3}{\376\377\133\236\155\113\176\323\213\272}{section.13}% 49
\BOOKMARK [2][-]{subsection.13.4}{\376\377\155\361\136\246\140\035\200\003}{section.13}% 50
\BOOKMARK [1][-]{section.14}{\376\377\176\323\147\204\123\026\217\223\121\372\377\010\000x\000g\000r\000a\000m\000m\000a\000r\000\040\226\306\142\020\377\011}{}% 51
\BOOKMARK [2][-]{subsection.14.1}{\376\377\123\237\164\006}{section.14}% 52
\BOOKMARK [2][-]{subsection.14.2}{\376\377\155\361\136\246\140\035\200\003}{section.14}% 53
\BOOKMARK [1][-]{section.15}{\376\377\000T\000o\000k\000e\000n\000i\000z\000e\000r\000\040\116\016\152\041\127\213\122\240\217\175}{}% 54
\BOOKMARK [2][-]{subsection.15.1}{\376\377\000T\000o\000k\000e\000n\000i\000z\000e\000r\377\010\000G\000P\000T\000-\0002\000\040\000B\000P\000E\377\011}{section.15}% 55
\BOOKMARK [2][-]{subsection.15.2}{\376\377\152\041\127\213\122\240\217\175\377\010\000S\000a\000f\000e\000t\000e\000n\000s\000o\000r\000s\377\011}{section.15}% 56
\BOOKMARK [1][-]{section.16}{\376\377\155\113\213\325\116\016\232\214\213\301\117\123\174\373}{}% 57
\BOOKMARK [2][-]{subsection.16.1}{\376\377\211\304\152\041\116\016\122\006\134\102}{section.16}% 58
\BOOKMARK [2][-]{subsection.16.2}{\376\377\145\271\154\325\213\272}{section.16}% 59
\BOOKMARK [1][-]{section.17}{\376\377\121\163\225\056\000\040\000B\000u\000g\000\040\150\110\117\213\122\006\147\220}{}% 60
\BOOKMARK [1][-]{section.18}{\376\377\140\047\200\375\145\160\143\156}{}% 61
\BOOKMARK [1][-]{section.19}{\376\377\155\361\136\246\140\035\200\003\377\032\143\250\164\006\137\025\144\316\166\204\142\200\147\057\124\362\133\146}{}% 62
\BOOKMARK [2][-]{subsection.19.1}{\376\377\116\000\122\007\140\047\200\375\225\356\230\230\166\204\140\073\176\262\377\032\000R\000o\000o\000f\000l\000i\000n\000e}{section.19}% 63
\BOOKMARK [2][-]{subsection.19.2}{\376\377\145\160\120\074\116\000\201\364\140\047\146\057\143\250\164\006\137\025\144\316\166\204\226\220\137\142\127\060\127\372}{section.19}% 64
\BOOKMARK [2][-]{subsection.19.3}{\376\377\146\076\133\130\060\001\173\227\122\233\060\001\136\366\217\337\166\204\116\015\123\357\200\375\116\011\211\322}{section.19}% 65
\BOOKMARK [2][-]{subsection.19.4}{\376\377\116\316\226\366\147\204\136\372\166\204\116\367\120\074}{section.19}% 66
\BOOKMARK [2][-]{subsection.19.5}{\376\377\147\052\147\145\145\271\124\021}{section.19}% 67
\BOOKMARK [1][-]{appendix.A}{\376\377\230\171\166\356\145\207\116\366\176\323\147\204\220\037\211\310}{}% 68
\BOOKMARK [1][-]{appendix.B}{\376\377\121\163\225\056\136\070\221\317\116\016\221\115\177\156}{}% 69
\BOOKMARK [1][-]{appendix.C}{\376\377\174\173\153\324\220\037\147\345\210\150}{}% 70
